/Users/jiritrecak/Documents/Supernova/Development/Settlers 3 Web/art/sources/items/briarwatch-rewards/model.py:20: DeprecationWarning: 'Material.use_nodes' is expected to be removed in Blender 6.0
  m=bpy.data.materials.new(name);m.use_nodes=True;m.diffuse_color=(*linear,1);p=m.node_tree.nodes.get('Principled BSDF');p.inputs['Base Color'].default_value=(*linear,1);p.inputs['Roughness'].default_value=rough
Info: Saved as "briarwatch-rewards.blend"
INFO Draco is available, use library at /Applications/Blender.app/Contents/Resources/5.2/scripts/addons_core/io_scene_gltf2/libbf_intern_draco_bridge.dylib
INFO MeshOptimizer is available, use library at /Applications/Blender.app/Contents/Resources/5.2/scripts/addons_core/io_scene_gltf2/libbf_intern_meshopt_bridge.dylib
22:22:40 | INFO: Starting glTF 2.0 export
22:22:40 | INFO: Extracting primitive: Individual birch leaf pages.007
22:22:40 | INFO: Primitives created: 6
22:22:40 | INFO: Finished glTF 2.0 export in 0.010864734649658203 s

22:22:40 | INFO: Starting glTF 2.0 export
22:22:40 | INFO: Extracting primitive: Luminous vigor acorn.001
22:22:40 | INFO: Primitives created: 6
22:22:40 | INFO: Finished glTF 2.0 export in 0.0067560672760009766 s

22:22:41 | INFO: Starting glTF 2.0 export
22:22:41 | INFO: Extracting primitive: Golden ring band.016
22:22:41 | INFO: Primitives created: 3
22:22:41 | INFO: Finished glTF 2.0 export in 0.004369020462036133 s

22:22:41 | INFO: Starting glTF 2.0 export
22:22:41 | INFO: Extracting primitive: Opaque glowing resin flask.002
22:22:41 | INFO: Primitives created: 6
22:22:41 | INFO: Finished glTF 2.0 export in 0.007433891296386719 s

22:22:41 | INFO: Starting glTF 2.0 export
22:22:41 | INFO: Extracting primitive: Opaque glowing resin flask.003
22:22:41 | INFO: Primitives created: 6
22:22:41 | INFO: Finished glTF 2.0 export in 0.006455183029174805 s

22:22:41 | INFO: Starting glTF 2.0 export
22:22:41 | INFO: Extracting primitive: Rolled birch parchment.001
22:22:41 | INFO: Primitives created: 6
22:22:41 | INFO: Finished glTF 2.0 export in 0.006184816360473633 s

Blender 5.2.1 LTS (hash 9e2066aef7ef built 2026-08-25 01:35:57)

Blender quit
