20:33:58 | INFO: Data are loaded, start creating Blender stuff
20:33:58 | INFO: Blender create Mesh node Mesh_0.001
20:33:58 | INFO: Blender create Mesh node Mesh_1.001
20:33:58 | INFO: Blender create Mesh node Mesh_2.001
20:33:58 | INFO: Blender create Mesh node Mesh_3.001
20:33:58 | INFO: Blender create Mesh node Mesh_4.001
20:33:58 | INFO: Blender create Mesh node Mesh_5.001
20:33:58 | INFO: Blender create Mesh node Mesh_6.001
20:33:58 | INFO: Blender create Mesh node Mesh_7.001
20:33:59 | INFO: glTF import finished in 0.14s
/Users/jiritrecak/Documents/Supernova/Development/Settlers 3 Web/art/sources/characters/ant-warrior-tripo/model.py:55: DeprecationWarning: 'Material.use_nodes' is expected to be removed in Blender 6.0
  team=bpy.data.materials.new('TC_TeamColor');team.use_nodes=True
00:04.443  render           | Saved: '/Users/jiritrecak/Documents/Supernova/Development/Settlers 3 Web/art/sources/characters/ant-warrior-tripo/render.png'
Info: Saved as "ant-warrior-tripo.blend"
Info: Applied modifier was not first, result may not be as expected
Info: Applied modifier was not first, result may not be as expected
Info: Applied modifier was not first, result may not be as expected
Info: Applied modifier was not first, result may not be as expected
INFO Draco is available, use library at /Applications/Blender.app/Contents/Resources/5.2/scripts/addons_core/io_scene_gltf2/libbf_intern_draco_bridge.dylib
INFO MeshOptimizer is available, use library at /Applications/Blender.app/Contents/Resources/5.2/scripts/addons_core/io_scene_gltf2/libbf_intern_meshopt_bridge.dylib
20:34:02 | INFO: Starting glTF 2.0 export
20:34:02 | INFO: Extracting primitive: Mesh_0.002
20:34:02 | INFO: Primitives created: 8
20:34:02 | WARNING: There are more than 4 joint vertex influences.The 4 with highest weight will be used (and normalized).
20:34:05 | INFO: Finished glTF 2.0 export in 2.4503962993621826 s

20:34:05 | INFO: Starting glTF 2.0 export
20:34:05 | INFO: Extracting primitive: Mesh_0.002
20:34:05 | INFO: Primitives created: 8
20:34:05 | WARNING: There are more than 4 joint vertex influences.The 4 with highest weight will be used (and normalized).
20:34:08 | INFO: Finished glTF 2.0 export in 2.813567876815796 s

TRIPO_STUDY_READY 4905 ['attack_sword', 'death', 'hit', 'idle', 'run', 'slash_preset', 'walk']
Blender 5.2.1 LTS (hash 9e2066aef7ef built 2026-08-25 01:35:57)

Blender quit
