00:00.424  blend            | Read blend: "/Users/jiritrecak/Documents/Supernova/Development/Settlers 3 Web/art/sources/characters/ant-family/ant-family.blend"
00:04.402  render           | Saved: '/Users/jiritrecak/Documents/Supernova/Development/Settlers 3 Web/art/sources/characters/ant-family/.render-1789561523906078000.png'
INFO Draco is available, use library at /Applications/Blender.app/Contents/Resources/5.2/scripts/addons_core/io_scene_gltf2/libbf_intern_draco_bridge.dylib
INFO MeshOptimizer is available, use library at /Applications/Blender.app/Contents/Resources/5.2/scripts/addons_core/io_scene_gltf2/libbf_intern_meshopt_bridge.dylib
05:25:28 | INFO: Starting glTF 2.0 export
05:25:28 | INFO: Extracting primitive: Pelvis shell.001
05:25:28 | INFO: Primitives created: 9
05:25:29 | INFO: Finished glTF 2.0 export in 0.5888028144836426 s

05:25:29 | INFO: Starting glTF 2.0 export
05:25:29 | INFO: Extracting primitive: Pelvis shell.001
05:25:29 | INFO: Primitives created: 9
05:25:29 | INFO: Extracting primitive: Breastplate.001
05:25:29 | INFO: Primitives created: 6
05:25:29 | INFO: Finished glTF 2.0 export in 0.6394569873809814 s

05:25:29 | INFO: Starting glTF 2.0 export
05:25:29 | INFO: Extracting primitive: Archer leather vest.001
05:25:29 | INFO: Primitives created: 6
05:25:29 | INFO: Extracting primitive: Pelvis shell.001
05:25:29 | INFO: Primitives created: 9
05:25:30 | INFO: Finished glTF 2.0 export in 0.7652809619903564 s

05:25:30 | INFO: Starting glTF 2.0 export
05:25:30 | INFO: Extracting primitive: Archer leather vest.001
05:25:30 | INFO: Primitives created: 6
05:25:30 | INFO: Extracting primitive: Pelvis shell.001
05:25:30 | INFO: Primitives created: 9
05:25:30 | INFO: Extracting primitive: Breastplate.001
05:25:30 | INFO: Primitives created: 6
05:25:31 | INFO: Finished glTF 2.0 export in 0.600775957107544 s

BUILDING_RENDER_READY /Users/jiritrecak/Documents/Supernova/Development/Settlers 3 Web/art/sources/characters/ant-family/.render-1789561523906078000.png
Blender 5.2.1 LTS (hash 9e2066aef7ef built 2026-08-25 01:35:57)

Blender quit
